Archive member included to satisfy reference by file (symbol)

arch/arm/lib/lib.a(lib1funcs.o)
                              arch/arm/mach-omap2/built-in.o (__aeabi_uidiv)
arch/arm/lib/lib.a(div0.o)    arch/arm/lib/lib.a(lib1funcs.o) (__div0)

Discarded input sections

 .data          0x0000000000000000        0x0 arch/arm/cpu/armv7/start.o
 .bss           0x0000000000000000        0x0 arch/arm/cpu/armv7/start.o
 .text          0x0000000000000000        0x0 board/ti/am335x/built-in.o
 .text.do_board_detect
                0x0000000000000000       0x20 board/ti/am335x/built-in.o
 .rodata.do_board_detect.str1.1
                0x0000000000000000       0x1b board/ti/am335x/built-in.o
 .data          0x0000000000000000        0x0 board/ti/am335x/built-in.o
 .bss           0x0000000000000000        0x0 board/ti/am335x/built-in.o
 .text.mmu_page_table_flush
                0x0000000000000000       0x1e arch/arm/cpu/armv7/built-in.o
 .text.v7_arch_cp15_set_l2aux_ctrl
                0x0000000000000000        0x6 arch/arm/cpu/armv7/built-in.o
 .text.sdelay   0x0000000000000000        0x6 arch/arm/cpu/armv7/built-in.o
 .text.wait_on_value
                0x0000000000000000       0x1e arch/arm/cpu/armv7/built-in.o
 .data          0x0000000000000000        0x0 arch/arm/cpu/armv7/built-in.o
 .bss           0x0000000000000000        0x0 arch/arm/cpu/armv7/built-in.o
 .text.armv7_boot_nonsec_default
                0x0000000000000000        0x4 arch/arm/lib/built-in.o
 .text.enable_caches
                0x0000000000000000        0xc arch/arm/lib/built-in.o
 .text.invalidate_dcache_range
                0x0000000000000000        0x2 arch/arm/lib/built-in.o
 .text.flush_dcache_range
                0x0000000000000000        0x2 arch/arm/lib/built-in.o
 .text.flush_dcache_all
                0x0000000000000000        0xa arch/arm/lib/built-in.o
 .text.invalidate_l2_cache
                0x0000000000000000        0xc arch/arm/lib/built-in.o
 .text.arm_init_before_mmu
                0x0000000000000000        0x2 arch/arm/lib/built-in.o
 .text.arm_init_domains
                0x0000000000000000        0x2 arch/arm/lib/built-in.o
 .text.mmu_page_table_flush
                0x0000000000000000        0x2 arch/arm/lib/built-in.o
 .text.mmu_set_region_dcache_behaviour
                0x0000000000000000       0x40 arch/arm/lib/built-in.o
 .text.dram_bank_mmu_setup
                0x0000000000000000       0x2a arch/arm/lib/built-in.o
 .text.fdt_psci
                0x0000000000000000        0x4 arch/arm/lib/built-in.o
 .rodata.enable_caches.str1.1
                0x0000000000000000       0x1d arch/arm/lib/built-in.o
 .data          0x0000000000000000        0x0 arch/arm/lib/built-in.o
 .__secure_end  0x0000000000000000        0x0 arch/arm/lib/built-in.o
 .__secure_stack_end
                0x0000000000000000        0x0 arch/arm/lib/built-in.o
 .__secure_stack_start
                0x0000000000000000        0x0 arch/arm/lib/built-in.o
 .__secure_start
                0x0000000000000000        0x0 arch/arm/lib/built-in.o
 .bss           0x0000000000000000        0x0 arch/arm/lib/built-in.o
 .text.get_dpll_mpu_params
                0x0000000000000000        0x8 arch/arm/mach-omap2/built-in.o
 .text.get_dpll_core_params
                0x0000000000000000       0x14 arch/arm/mach-omap2/built-in.o
 .text.get_dpll_per_params
                0x0000000000000000       0x14 arch/arm/mach-omap2/built-in.o
 .text.setup_clocks_for_console
                0x0000000000000000       0x78 arch/arm/mach-omap2/built-in.o
 .text.enable_basic_clocks
                0x0000000000000000       0x44 arch/arm/mach-omap2/built-in.o
 .text.set_mpu_spreadspectrum
                0x0000000000000000       0xc0 arch/arm/mach-omap2/built-in.o
 .text.do_setup_dpll
                0x0000000000000000       0xe0 arch/arm/mach-omap2/built-in.o
 .text.do_enable_clocks
                0x0000000000000000       0x64 arch/arm/mach-omap2/built-in.o
 .text.do_disable_clocks
                0x0000000000000000       0x6c arch/arm/mach-omap2/built-in.o
 .text.scale_vcores
                0x0000000000000000        0x2 arch/arm/mach-omap2/built-in.o
 .text.setup_early_clocks
                0x0000000000000000       0x12 arch/arm/mach-omap2/built-in.o
 .text.prcm_init
                0x0000000000000000       0x5c arch/arm/mach-omap2/built-in.o
 .text.rtc_only_prcm_init
                0x0000000000000000       0x1c arch/arm/mach-omap2/built-in.o
 .text.get_sysboot_value
                0x0000000000000000       0x14 arch/arm/mach-omap2/built-in.o
 .text.get_sys_clk_index
                0x0000000000000000       0x14 arch/arm/mach-omap2/built-in.o
 .text.am335x_get_efuse_mpu_max_freq
                0x0000000000000000       0x74 arch/arm/mach-omap2/built-in.o
 .text.am335x_get_tps65910_mpu_vdd
                0x0000000000000000       0x34 arch/arm/mach-omap2/built-in.o
 .text.am335x_get_mpu_vdd
                0x0000000000000000       0x20 arch/arm/mach-omap2/built-in.o
[...]
Memory Configuration

Name             Origin             Length             Attributes
*default*        0x0000000000000000 0xffffffffffffffff

Linker script and memory map

Address of section .text set to 0x80800000
                0x0000000000000000                . = 0x0
                0x0000000000000000                . = ALIGN (0x4)

.text           0x0000000080800000      0x77c
 *(.__image_copy_start)
 .__image_copy_start
                0x0000000080800000        0x0 arch/arm/lib/built-in.o
                0x0000000080800000                __image_copy_start
 *(.vectors)
 .vectors       0x0000000080800000      0x2e8 arch/arm/lib/built-in.o
                0x0000000080800000                _start
                0x0000000080800020                _undefined_instruction
                0x0000000080800024                _software_interrupt
                0x0000000080800028                _prefetch_abort
                0x000000008080002c                _data_abort
                0x0000000080800030                _not_used
                0x0000000080800034                _irq
                0x0000000080800038                _fiq
                0x0000000080800040                IRQ_STACK_START_IN
 arch/arm/cpu/armv7/start.o(.text*)
 .text          0x00000000808002e8       0xc8 arch/arm/cpu/armv7/start.o
                0x00000000808002e8                reset
                0x00000000808002ec                save_boot_params_ret
                0x0000000080800320                c_runtime_cpu_setup
                0x0000000080800334                cpu_init_cp15
 board/ti/am335x/built-in.o(.text*)
 .text.request_and_set_gpio
                0x00000000808003b0       0x58 board/ti/am335x/built-in.o
 .text.board_init
                0x0000000080800408      0x180 board/ti/am335x/built-in.o
                0x0000000080800408                board_init
 .text.board_late_init
                0x0000000080800588      0x1f4 board/ti/am335x/built-in.o
                0x0000000080800588                board_late_init

.glue_7         0x000000008080077c        0x0
 .glue_7        0x000000008080077c        0x0 linker stubs

.glue_7t        0x000000008080077c        0x0
 .glue_7t       0x000000008080077c        0x0 linker stubs

.vfp11_veneer   0x000000008080077c        0x0
 .vfp11_veneer  0x000000008080077c        0x0 linker stubs

.v4_bx          0x000000008080077c        0x0
 .v4_bx         0x000000008080077c        0x0 linker stubs

.iplt           0x000000008080077c        0x0
 .iplt          0x000000008080077c        0x0 arch/arm/cpu/armv7/start.o

.__efi_runtime_start
                0x000000008080077c        0x0
 *(.__efi_runtime_start)
 .__efi_runtime_start
                0x000000008080077c        0x0 arch/arm/lib/built-in.o

.efi_runtime    0x0000000080800780      0x7e0
 *(.text.efi_runtime*)
 .text.efi_runtime
                0x0000000080800780      0x1a4 lib/built-in.o
                0x0000000080800780                efi_reset_system
                0x0000000080800782                efi_get_time
                0x000000008080078c                efi_set_time
                0x00000000808007ac                efi_update_capsule
                0x00000000808007b4                efi_query_capsule_caps
                0x0000000080800858                efi_update_table_header_crc32
                0x0000000080800884                efi_query_variable_info
                0x000000008080088c                crc32_no_comp
                0x0000000080800918                crc32
 .text.efi_runtime_detach
                0x0000000080800924       0x24 lib/built-in.o
                0x0000000080800924                efi_runtime_detach
 .text.efi_runtime_relocate
                0x0000000080800948       0xf8 lib/built-in.o
                0x0000000080800948                efi_runtime_relocate
 *(.rodata.efi_runtime*)
 .rodata.efi_runtime_relocate.str1.1
                0x0000000080800a40       0x4e lib/built-in.o
 *(.data.efi_runtime*)
 *fill*         0x0000000080800a8e        0x2 
 .data.efi_runtime
                0x0000000080800a90      0x4c8 lib/built-in.o
                0x0000000080800a90                efi_events
                0x0000000080800a98                systab
                0x0000000080800b08                efi_runtime_services
 .data.efi_runtime_mmio
                0x0000000080800f58        0x8 lib/built-in.o
                0x0000000080800f58                efi_runtime_mmio

.__efi_runtime_stop
                0x0000000080800f60        0x0
 *(.__efi_runtime_stop)
 .__efi_runtime_stop
                0x0000000080800f60        0x0 arch/arm/lib/built-in.o

.text_rest      0x0000000080800f60    0x4670c
 *(.text*)
 .text          0x0000000080800f60      0x168 arch/arm/cpu/armv7/built-in.o
                0x0000000080800f60                __v7_flush_dcache_all
                0x0000000080800ffc                v7_flush_dcache_all
                0x000000008080100c                __v7_invalidate_dcache_all
                0x00000000808010a8                v7_invalidate_dcache_all
                0x00000000808010b8                allow_unaligned
 .text.invalidate_icache_all
                0x00000000808010c8       0x14 arch/arm/cpu/armv7/built-in.o
                0x00000000808010c8                invalidate_icache_all
 .text.v7_outer_cache_enable
                0x00000000808010dc        0x2 arch/arm/cpu/armv7/built-in.o
                0x00000000808010dc                v7_outer_cache_enable
 .text.v7_outer_cache_disable
                0x00000000808010de        0x2 arch/arm/cpu/armv7/built-in.o
                0x00000000808010de                v7_outer_cache_disable
 .text.v7_outer_cache_flush_all
                0x00000000808010e0        0x2 arch/arm/cpu/armv7/built-in.o
                0x00000000808010e0                v7_outer_cache_flush_all
 .text.flush_dcache_all
                0x00000000808010e2        0xe arch/arm/cpu/armv7/built-in.o
                0x00000000808010e2                flush_dcache_all
 .text.v7_outer_cache_inval_all
                0x00000000808010f0        0x2 arch/arm/cpu/armv7/built-in.o
                0x00000000808010f0                v7_outer_cache_inval_all
 .text.invalidate_dcache_all
                0x00000000808010f2        0xe arch/arm/cpu/armv7/built-in.o
                0x00000000808010f2                invalidate_dcache_all
 .text.arm_init_before_mmu
                0x0000000080801100       0x22 arch/arm/cpu/armv7/built-in.o
                0x0000000080801100                arm_init_before_mmu
 .text.v7_outer_cache_flush_range
                0x0000000080801122        0x2 arch/arm/cpu/armv7/built-in.o
                0x0000000080801122                v7_outer_cache_flush_range
 .text.flush_dcache_range
                0x0000000080801124       0x38 arch/arm/cpu/armv7/built-in.o
                0x0000000080801124                flush_dcache_range
 .text.v7_outer_cache_inval_range
                0x000000008080115c        0x2 arch/arm/cpu/armv7/built-in.o
                0x000000008080115c                v7_outer_cache_inval_range
 .text.invalidate_dcache_range
                0x000000008080115e       0x42 arch/arm/cpu/armv7/built-in.o
                0x000000008080115e                invalidate_dcache_range
 .text.cpu_cache_initialization
                0x00000000808011a0        0x2 arch/arm/cpu/armv7/built-in.o
                0x00000000808011a0                cpu_cache_initialization
 .text.cleanup_before_linux_select
                0x00000000808011a2       0x3e arch/arm/cpu/armv7/built-in.o
                0x00000000808011a2                cleanup_before_linux_select
 .text.cleanup_before_linux
                0x00000000808011e0        0x6 arch/arm/cpu/armv7/built-in.o
                0x00000000808011e0                cleanup_before_linux
 .text.v7_arch_cp15_set_acr
                0x00000000808011e6        0x6 arch/arm/cpu/armv7/built-in.o
                0x00000000808011e6                v7_arch_cp15_set_acr
 *fill*         0x00000000808011ec       0x14 
 .text          0x0000000080801200      0x424 arch/arm/lib/built-in.o
                0x0000000080801200                _main
                0x00000000808012a0                memset
                0x0000000080801340                memcpy
 .text.setjmp   0x0000000080801624       0x10 arch/arm/lib/built-in.o
                0x0000000080801624                setjmp
 .text.longjmp  0x0000000080801634       0x1c arch/arm/lib/built-in.o
                0x0000000080801634                longjmp
 .text.relocate_vectors
                0x0000000080801650       0x70 arch/arm/lib/built-in.o
                0x0000000080801650                relocate_vectors
                0x000000008080165c                relocate_code
 .text.arch_fixup_fdt
                0x00000000808016c0       0x38 arch/arm/lib/built-in.o
                0x00000000808016c0                arch_fixup_fdt
 .text.setup_initrd_tag.isra.1
                0x00000000808016f8       0x2c arch/arm/lib/built-in.o
 .text.arch_lmb_reserve
                0x0000000080801724       0x4e arch/arm/lib/built-in.o
                0x0000000080801724                arch_lmb_reserve
 .text.board_quiesce_devices
                0x0000000080801772        0x2 arch/arm/lib/built-in.o
                0x0000000080801772                board_quiesce_devices
 .text.boot_jump_linux
                0x0000000080801774       0x90 arch/arm/lib/built-in.o
 .text.setup_board_tags
                0x0000000080801804        0x2 arch/arm/lib/built-in.o
                0x0000000080801804                setup_board_tags
 *fill*         0x0000000080801806        0x2 
 .text.boot_prep_linux
                0x0000000080801808       0xfc arch/arm/lib/built-in.o
 .text.do_bootm_linux
                0x0000000080801904       0x3c arch/arm/lib/built-in.o
                0x0000000080801904                do_bootm_linux
 .text.boot_prep_vxworks
                0x0000000080801940       0x34 arch/arm/lib/built-in.o
                0x0000000080801940                boot_prep_vxworks
 .text.boot_jump_vxworks
                0x0000000080801974        0xa arch/arm/lib/built-in.o
                0x0000000080801974                boot_jump_vxworks
 *fill*         0x000000008080197e        0x2 
 .text.bootz_setup
                0x0000000080801980       0x78 arch/arm/lib/built-in.o
                0x0000000080801980                bootz_setup
 .text.arch_reserve_stacks
                0x00000000808019f8       0x16 arch/arm/lib/built-in.o
                0x00000000808019f8                arch_reserve_stacks
 *fill*         0x0000000080801a0e        0x2 
 .text.interrupt_init
                0x0000000080801a10       0x14 arch/arm/lib/built-in.o
                0x0000000080801a10                interrupt_init
 .text.enable_interrupts
                0x0000000080801a24        0x2 arch/arm/lib/built-in.o
                0x0000000080801a24                enable_interrupts
 .text.disable_interrupts
                0x0000000080801a26        0x4 arch/arm/lib/built-in.o
                0x0000000080801a26                disable_interrupts
 *fill*         0x0000000080801a2a        0x2 
 .text.bad_mode
                0x0000000080801a2c        0xc arch/arm/lib/built-in.o
                0x0000000080801a2c                bad_mode
 .text.show_regs
                0x0000000080801a38      0x180 arch/arm/lib/built-in.o
                0x0000000080801a38                show_regs
 .text.do_undefined_instruction
                0x0000000080801bb8       0x28 arch/arm/lib/built-in.o
                0x0000000080801bb8                do_undefined_instruction
 .text.do_software_interrupt
                0x0000000080801be0       0x28 arch/arm/lib/built-in.o
                0x0000000080801be0                do_software_interrupt
 .text.do_prefetch_abort
                0x0000000080801c08       0x28 arch/arm/lib/built-in.o
                0x0000000080801c08                do_prefetch_abort
 .text.do_data_abort
                0x0000000080801c30       0x28 arch/arm/lib/built-in.o
                0x0000000080801c30                do_data_abort
 .text.do_not_used
                0x0000000080801c58       0x28 arch/arm/lib/built-in.o
                0x0000000080801c58                do_not_used
 .text.do_fiq   0x0000000080801c80       0x28 arch/arm/lib/built-in.o
                0x0000000080801c80                do_fiq
 .text.do_irq   0x0000000080801ca8       0x28 arch/arm/lib/built-in.o
                0x0000000080801ca8                do_irq
 .text.reset_misc
                0x0000000080801cd0        0x2 arch/arm/lib/built-in.o
                0x0000000080801cd0                reset_misc
 *fill*         0x0000000080801cd2        0x2 
 .text.do_reset
                0x0000000080801cd4       0x28 arch/arm/lib/built-in.o
                0x0000000080801cd4                do_reset
 .text.flush_cache
                0x0000000080801cfc        0x6 arch/arm/lib/built-in.o
                0x0000000080801cfc                flush_cache
 *fill*         0x0000000080801d02        0x2 
 .text.check_cache_range
                0x0000000080801d04       0x24 arch/arm/lib/built-in.o
                0x0000000080801d04                check_cache_range
 .text.set_section_dcache
                0x0000000080801d28       0x12 arch/arm/lib/built-in.o
                0x0000000080801d28                set_section_dcache
 .text.icache_enable
                0x0000000080801d3a       0x12 arch/arm/lib/built-in.o
                0x0000000080801d3a                icache_enable
 .text.icache_disable
                0x0000000080801d4c       0x16 arch/arm/lib/built-in.o
                0x0000000080801d4c                icache_disable
 .text.icache_status
                0x0000000080801d62        0xa arch/arm/lib/built-in.o
                0x0000000080801d62                icache_status
 .text.dcache_enable
                0x0000000080801d6c       0x80 arch/arm/lib/built-in.o
                0x0000000080801d6c                dcache_enable
 .text.dcache_disable
                0x0000000080801dec       0x20 arch/arm/lib/built-in.o
                0x0000000080801dec                dcache_disable
 .text.dcache_status
                0x0000000080801e0c        0xa arch/arm/lib/built-in.o
                0x0000000080801e0c                dcache_status
 *fill*         0x0000000080801e16        0x2 
 .text          0x0000000080801e18       0x60 arch/arm/mach-omap2/built-in.o
                0x0000000080801e18                save_boot_params
                0x0000000080801e24                omap_smc1
                0x0000000080801e40                omap_smc_sec
 .text.get_cpu_rev
                0x0000000080801e78       0x10 arch/arm/mach-omap2/built-in.o
                0x0000000080801e78                get_cpu_rev
 .text.get_cpu_type
                0x0000000080801e88       0x14 arch/arm/mach-omap2/built-in.o
                0x0000000080801e88                get_cpu_type
 .text.print_cpuinfo
                0x0000000080801e9c       0x90 arch/arm/mach-omap2/built-in.o
                0x0000000080801e9c                print_cpuinfo
 .text.dram_init
                0x0000000080801f2c       0x16 arch/arm/mach-omap2/built-in.o
                0x0000000080801f2c                dram_init
 .text.dram_init_banksize
                0x0000000080801f42       0x18 arch/arm/mach-omap2/built-in.o
                0x0000000080801f42                dram_init_banksize
 *fill*         0x0000000080801f5a        0x2 
 .text.arch_misc_init
                0x0000000080801f5c       0x2c arch/arm/mach-omap2/built-in.o
                0x0000000080801f5c                arch_misc_init
 .text.arch_cpu_init_dm
                0x0000000080801f88        0xa arch/arm/mach-omap2/built-in.o
                0x0000000080801f88                arch_cpu_init_dm
 *fill*         0x0000000080801f92        0x2 
 .text.hw_data_init
                0x0000000080801f94       0x14 arch/arm/mach-omap2/built-in.o
                0x0000000080801f94                hw_data_init
 .text.clk_synthesizer_reg_write
                0x0000000080801fa8       0x30 arch/arm/mach-omap2/built-in.o
 .text.setup_clock_synthesizer
                0x0000000080801fd8       0x94 arch/arm/mach-omap2/built-in.o
                0x0000000080801fd8                setup_clock_synthesizer
 .text.reset_cpu
                0x000000008080206c       0x10 arch/arm/mach-omap2/built-in.o
                0x000000008080206c                reset_cpu
 .text.get_device_type
                0x000000008080207c       0x18 arch/arm/mach-omap2/built-in.o
                0x000000008080207c                get_device_type
 .text.enable_caches
                0x0000000080802094       0x14 arch/arm/mach-omap2/built-in.o
                0x0000000080802094                enable_caches
 .text.dram_bank_mmu_setup
                0x00000000808020a8       0x26 arch/arm/mach-omap2/built-in.o
                0x00000000808020a8                dram_bank_mmu_setup
 .text.arm_init_domains
                0x00000000808020ce       0x16 arch/arm/mach-omap2/built-in.o
                0x00000000808020ce                arm_init_domains
 .text.board_ti_is
                0x00000000808020e4       0x30 board/ti/common/built-in.o
                0x00000000808020e4                board_ti_is
 .text.board_ti_get_rev
                0x0000000080802114        0x8 board/ti/common/built-in.o
                0x0000000080802114                board_ti_get_rev
 .text.set_board_info_env
                0x000000008080211c       0x3c board/ti/common/built-in.o
                0x000000008080211c                set_board_info_env
 .text.do_go_exec
                0x0000000080802158        0x8 cmd/built-in.o
                0x0000000080802158                do_go_exec
 .text.do_go    0x0000000080802160       0x4c cmd/built-in.o
 .text.do_bootm
                0x00000000808021ac       0xa0 cmd/built-in.o
                0x00000000808021ac                do_bootm
 .text.do_bootd
                0x000000008080224c       0x18 cmd/built-in.o
                0x000000008080224c                do_bootd
 .text.image_info
                0x0000000080802264       0x74 cmd/built-in.o
 .text.do_iminfo
                0x00000000808022d8       0x3c cmd/built-in.o
 .text.bootm_maybe_autostart
                0x0000000080802314       0x4c cmd/built-in.o
                0x0000000080802314                bootm_maybe_autostart
 .text.do_help  0x0000000080802360       0x2c cmd/built-in.o
 .text.do_version
                0x000000008080238c       0x30 cmd/built-in.o
 .text.blk_common_cmd
                0x00000000808023bc      0x1f0 cmd/built-in.o
                0x00000000808023bc                blk_common_cmd
 .text.source   0x00000000808025ac       0xd0 cmd/built-in.o
                0x00000000808025ac                source
 .text.do_source
                0x000000008080267c       0x50 cmd/built-in.o
 .text.print_num
                0x00000000808026cc       0x10 cmd/built-in.o
 .text.do_bdinfo
                0x00000000808026dc       0xd4 cmd/built-in.o
 .text.do_blkcache
                0x00000000808027b0       0x3c cmd/built-in.o
 .text.blkc_configure
                0x00000000808027ec       0x40 cmd/built-in.o
 .text.blkc_show
                0x000000008080282c       0x28 cmd/built-in.o
 .text.efi_install_fdt
                0x0000000080802854      0x230 cmd/built-in.o
 .text.do_bootefi_exec
                0x0000000080802a84      0x134 cmd/built-in.o
 .text.do_bootefi
                0x0000000080802bb8      0x130 cmd/built-in.o
 .text.efi_set_bootdev
                0x0000000080802ce8       0x64 cmd/built-in.o
                0x0000000080802ce8                efi_set_bootdev
 .text.do_bootz
                0x0000000080802d4c       0xa4 cmd/built-in.o
                0x0000000080802d4c                do_bootz
 .text.do_coninfo
                0x0000000080802df0       0x84 cmd/built-in.o
 .text.do_dm_dump_devres
                0x0000000080802e74        0x4 cmd/built-in.o
 .text.do_dm    0x0000000080802e78       0x44 cmd/built-in.o
 .text.do_dm_dump_uclass
                0x0000000080802ebc        0xa cmd/built-in.o
 .text.do_dm_dump_all
                0x0000000080802ec6        0xa cmd/built-in.o
 .text.do_echo  0x0000000080802ed0       0x74 cmd/built-in.o
 .text.parse_numeric_param
                0x0000000080802f44       0x1c cmd/built-in.o
 .text.parse_i2c_bus_addr
                0x0000000080802f60       0x42 cmd/built-in.o
 *fill*         0x0000000080802fa2        0x2 
 .text.eeprom_rw
                0x0000000080802fa4       0x98 cmd/built-in.o
 .text.eeprom_write_enable
                0x000000008080303c        0x4 cmd/built-in.o
                0x000000008080303c                eeprom_write_enable
 .text.eeprom_read
                0x0000000080803040        0xe cmd/built-in.o
                0x0000000080803040                eeprom_read
 .text.eeprom_write
                0x000000008080304e       0x34 cmd/built-in.o
                0x000000008080304e                eeprom_write
 *fill*         0x0000000080803082        0x2 
 .text.do_eeprom
                0x0000000080803084       0xd8 cmd/built-in.o
                0x0000000080803084                do_eeprom
 .text.load_elf_image_phdr
                0x000000008080315c       0xca cmd/built-in.o
 *fill*         0x0000000080803226        0x2 
 .text.valid_elf_image
                0x0000000080803228       0x30 cmd/built-in.o
                0x0000000080803228                valid_elf_image
 .text.do_bootelf
                0x0000000080803258      0x1b4 cmd/built-in.o
                0x0000000080803258                do_bootelf
 .text.do_bootvx
                0x000000008080340c      0x234 cmd/built-in.o
                0x000000008080340c                do_bootvx
 .text.do_exit  0x0000000080803640       0x20 cmd/built-in.o
 .text.do_ext4_size
                0x0000000080803660        0xe cmd/built-in.o
                0x0000000080803660                do_ext4_size
 .text.do_ext4_load
                0x000000008080366e        0xe cmd/built-in.o
                0x000000008080366e                do_ext4_load
 .text.do_ext4_ls
                0x000000008080367c        0xe cmd/built-in.o
                0x000000008080367c                do_ext4_ls
 .text.do_ext4_write
                0x000000008080368a        0xe cmd/built-in.o
                0x000000008080368a                do_ext4_write
 .text.do_ext2load
                0x0000000080803698        0xe cmd/built-in.o
                0x0000000080803698                do_ext2load
 .text.do_ext2ls
                0x00000000808036a6        0xe cmd/built-in.o
 .text.do_fat_size
                0x00000000808036b4        0xe cmd/built-in.o
                0x00000000808036b4                do_fat_size
 .text.do_fat_fsload
                0x00000000808036c2        0xe cmd/built-in.o
                0x00000000808036c2                do_fat_fsload
 .text.do_fat_ls
                0x00000000808036d0        0xe cmd/built-in.o
 *fill*         0x00000000808036de        0x2 
 .text.do_fat_fswrite
                0x00000000808036e0       0xd0 cmd/built-in.o
 .text.do_fat_rm
                0x00000000808037b0        0xe cmd/built-in.o
 .text.do_fat_mkdir
                0x00000000808037be        0xe cmd/built-in.o
 .text.do_fat_fsinfo
                0x00000000808037cc       0x54 cmd/built-in.o
 .text.fdt_valid
                0x0000000080803820       0x74 cmd/built-in.o
 .text.is_printable_string
                0x0000000080803894       0x48 cmd/built-in.o
 .text.print_data
                0x00000000808038dc      0x104 cmd/built-in.o
 .text.set_working_fdt_addr
                0x00000000808039e0       0x14 cmd/built-in.o
                0x00000000808039e0                set_working_fdt_addr
 .text.do_fdt   0x00000000808039f4      0xb08 cmd/built-in.o
 .text.do_size_wrapper
                0x00000000808044fc        0xe cmd/built-in.o
 .text.do_load_wrapper
                0x000000008080450a        0xe cmd/built-in.o
 .text.do_save_wrapper
                0x0000000080804518        0xe cmd/built-in.o
 .text.do_ls_wrapper
                0x0000000080804526        0xe cmd/built-in.o
 .text.do_ln_wrapper
                0x0000000080804534        0xe cmd/built-in.o
 .text.do_fstype_wrapper
                0x0000000080804542        0x4 cmd/built-in.o
 *fill*         0x0000000080804546        0x2 
 .text.gpio_get_description
                0x0000000080804548       0x84 cmd/built-in.o
 .text.do_gpio  0x00000000808045cc      0x21c cmd/built-in.o
 .text.do_i2c   0x00000000808047e8       0x3c cmd/built-in.o
 .text.i2c_get_cur_bus
                0x0000000080804824       0x24 cmd/built-in.o
 .text.do_i2c_bus_speed
                0x0000000080804848       0x64 cmd/built-in.o
 .text.do_i2c_reset
                0x00000000808048ac       0x24 cmd/built-in.o
 .text.i2c_get_cur_bus_chip
                0x00000000808048d0       0x1e cmd/built-in.o
 *fill*         0x00000000808048ee        0x2 
 .text.do_i2c_olen
                0x00000000808048f0       0x74 cmd/built-in.o
 .text.do_i2c_flags
                0x0000000080804964       0x78 cmd/built-in.o
 .text.do_i2c_probe
                0x00000000808049dc       0x74 cmd/built-in.o
 .text.do_i2c_bus_num
                0x0000000080804a50       0x70 cmd/built-in.o
 .text.show_bus
                0x0000000080804ac0       0x64 cmd/built-in.o
 .text.do_i2c_show_bus
                0x0000000080804b24       0x6c cmd/built-in.o
 .text.get_alen.constprop.4
                0x0000000080804b90       0x1e cmd/built-in.o
 *fill*         0x0000000080804bae        0x2 
 .text.do_i2c_crc
                0x0000000080804bb0       0xe4 cmd/built-in.o
 .text.mod_i2c_mem.isra.1
                0x0000000080804c94      0x15c cmd/built-in.o
 .text.do_i2c_nm
                0x0000000080804df0        0x6 cmd/built-in.o
 .text.do_i2c_mm
                0x0000000080804df6        0x6 cmd/built-in.o
 .text.do_i2c_md
                0x0000000080804dfc      0x15c cmd/built-in.o
 .text.do_i2c_read
                0x0000000080804f58       0x94 cmd/built-in.o
 .text.do_i2c_mw
                0x0000000080804fec       0xc0 cmd/built-in.o
 .text.do_i2c_write
                0x00000000808050ac      0x108 cmd/built-in.o
 .text.do_i2c_loop
                0x00000000808051b4       0xbc cmd/built-in.o
 .text.evalexp  0x0000000080805270       0x4c cmd/built-in.o
 .text.evalstr  0x00000000808052bc       0x3c cmd/built-in.o
 .text.binary_test
                0x00000000808052f8      0x128 cmd/built-in.o
 .text.do_itest
                0x0000000080805420       0x4c cmd/built-in.o
 .text.bin_data_init
                0x000000008080546c       0x1c cmd/built-in.o
 .text.k_data_save
                0x0000000080805488       0x34 cmd/built-in.o
 .text.k_data_restore
                0x00000000808054bc       0x34 cmd/built-in.o
 .text.getcxmodem
                0x00000000808054f0       0x16 cmd/built-in.o
 *fill*         0x0000000080805506        0x2 
 .text.load_serial_ymodem
                0x0000000080805508       0x90 cmd/built-in.o
 .text.bin_data_char
                0x0000000080805598       0x1c cmd/built-in.o
 .text.chk1.constprop.2
                0x00000000808055b4       0x20 cmd/built-in.o
 .text.s1_sendpacket.constprop.3
                0x00000000808055d4       0x34 cmd/built-in.o
 .text.load_serial
                0x0000000080805608      0x128 cmd/built-in.o
 .text.do_load_serial
                0x0000000080805730       0x90 cmd/built-in.o
 .text.do_load_serial_bin
                0x00000000808057c0      0x524 cmd/built-in.o
 .text.do_mem_mw
                0x0000000080805ce4       0x7c cmd/built-in.o
 .text.do_mem_loop
                0x0000000080805d60       0x82 cmd/built-in.o
 *fill*         0x0000000080805de2        0x2 
 .text.do_mem_md
                0x0000000080805de4       0xa0 cmd/built-in.o
 .text.do_mem_cmp
                0x0000000080805e84       0xec cmd/built-in.o
 .text.do_mem_base
                0x0000000080805f70       0x28 cmd/built-in.o
 .text.do_mem_cp
                0x0000000080805f98       0x70 cmd/built-in.o
 .text.do_mem_crc
                0x0000000080806008       0x2c cmd/built-in.o
 .text.mod_mem.isra.0
                0x0000000080806034       0xf0 cmd/built-in.o
 .text.do_mem_mm
                0x0000000080806124        0x6 cmd/built-in.o
 .text.do_mem_nm
                0x000000008080612a        0x6 cmd/built-in.o
 .text.do_random
                0x0000000080806130       0xa4 cmd/built-in.o
 .text.extract_range
                0x00000000808061d4       0x7a cmd/built-in.o
 *fill*         0x000000008080624e        0x2 
 .text.dump_field
                0x0000000080806250       0x3c cmd/built-in.o
 .text.do_mii   0x000000008080628c      0x5a0 cmd/built-in.o
 .text.do_mdio  0x000000008080682c      0x474 cmd/built-in.o
 .text.do_sleep
                0x0000000080806ca0       0x88 cmd/built-in.o
 .text.do_mmcops
                0x0000000080806d28       0x80 cmd/built-in.o
 .text.init_mmc_device
                0x0000000080806da8       0x48 cmd/built-in.o
 .text.do_mmc_rescan
                0x0000000080806df0       0x18 cmd/built-in.o
 .text.do_mmc_hwpartition
                0x0000000080806e08      0x388 cmd/built-in.o
 .text.do_mmc_list
                0x0000000080807190        0xc cmd/built-in.o
 .text.do_mmc_dev
                0x000000008080719c       0xc8 cmd/built-in.o
 .text.do_mmc_erase
                0x0000000080807264       0x9c cmd/built-in.o
 .text.do_mmc_write
                0x0000000080807300       0xb0 cmd/built-in.o
 .text.do_mmc_read
                0x00000000808073b0       0x94 cmd/built-in.o
 .text.do_mmcinfo
                0x0000000080807444      0x2b8 cmd/built-in.o
 .text.do_mmc_setdsr
                0x00000000808076fc       0x74 cmd/built-in.o
 .text.do_mmc_part
                0x0000000080807770       0x38 cmd/built-in.o
 .text.netboot_common
                0x00000000808077a8      0x1ec cmd/built-in.o
 .text.do_bootp
                0x0000000080807994        0x8 cmd/built-in.o
 .text.do_dhcp  0x000000008080799c        0x8 cmd/built-in.o
 .text.do_nfs   0x00000000808079a4        0x8 cmd/built-in.o
 .text.do_tftpb
                0x00000000808079ac       0x26 cmd/built-in.o
                0x00000000808079ac                do_tftpb
 *fill*         0x00000000808079d2        0x2 
 .text.do_ping  0x00000000808079d4       0x48 cmd/built-in.o
 .text.efi_dump_single_var
                0x0000000080807a1c       0xe0 cmd/built-in.o
 .text.do_env_print_efi
                0x0000000080807afc      0x118 cmd/built-in.o
                0x0000000080807afc                do_env_print_efi
 .text.do_env_set_efi
                0x0000000080807c14      0x2c4 cmd/built-in.o
                0x0000000080807c14                do_env_set_efi
 .text.do_part_list
                0x0000000080807ed8       0xf0 cmd/built-in.o
 .text.do_part_info
                0x0000000080807fc8       0xb0 cmd/built-in.o
 .text.do_part  0x0000000080808078       0xbc cmd/built-in.o
 .text.eol_or_eof
                0x0000000080808134       0x12 cmd/built-in.o
 *fill*         0x0000000080808146        0x2 
 .text.do_pxe   0x0000000080808148       0x48 cmd/built-in.o
 .text.label_print
                0x0000000080808190       0x14 cmd/built-in.o
 .text.do_get_tftp
                0x00000000808081a4       0x2c cmd/built-in.o
 .text.from_env
                0x00000000808081d0       0x1c cmd/built-in.o
 .text.get_string
                0x00000000808081ec       0x80 cmd/built-in.o
 .text.label_destroy
                0x000000008080826c       0x46 cmd/built-in.o
 .text.destroy_pxe_menu
                0x00000000808082b2       0x36 cmd/built-in.o
 .text.get_token
                0x00000000808082e8       0xa0 cmd/built-in.o
 .text.parse_sliteral
                0x0000000080808388       0x34 cmd/built-in.o
 .text.parse_integer
                0x00000000808083bc       0x44 cmd/built-in.o
 .text.do_get_any
                0x0000000080808400       0x2c cmd/built-in.o
 .text.do_get_fat
                0x000000008080842c       0x28 cmd/built-in.o
 .text.do_get_ext2
                0x0000000080808454       0x28 cmd/built-in.o
 .text.format_mac_pxe.constprop.6
                0x000000008080847c       0x54 cmd/built-in.o
 .text.get_relfile
                0x00000000808084d0       0xcc cmd/built-in.o
 .text.get_pxe_file
                0x000000008080859c       0x3c cmd/built-in.o
 .text.handle_include
                0x00000000808085d8       0x68 cmd/built-in.o
 .text.parse_pxefile_top
                0x0000000080808640      0x340 cmd/built-in.o
 .text.parse_pxefile
                0x0000000080808980       0x42 cmd/built-in.o
 *fill*         0x00000000808089c2        0x2 
 .text.get_pxelinux_path
                0x00000000808089c4       0x50 cmd/built-in.o
 .text.do_pxe_get
                0x0000000080808a14       0xec cmd/built-in.o
 .text.get_relfile_envaddr
                0x0000000080808b00       0x34 cmd/built-in.o
 .text.label_boot
                0x0000000080808b34      0x414 cmd/built-in.o
 .text.handle_pxe_menu
                0x0000000080808f48       0xe8 cmd/built-in.o
 .text.do_pxe_boot
                0x0000000080809030       0x94 cmd/built-in.o
 .text.do_sysboot
                0x00000000808090c4      0x13c cmd/built-in.o
 .text.bytes_per_second
                0x0000000080809200       0x34 cmd/built-in.o
 .text.do_spi_flash
                0x0000000080809234      0x5a8 cmd/built-in.o
 .text.do_spi   0x00000000808097dc      0x1b8 cmd/built-in.o
                0x00000000808097dc                do_spi
 .text.do_time  0x0000000080809994       0x98 cmd/built-in.o
 .text.do_false
                0x0000000080809a2c        0x4 cmd/built-in.o
 .text.do_true  0x0000000080809a30        0x4 cmd/built-in.o
 .text.do_test  0x0000000080809a34      0x208 cmd/built-in.o
 .text.usb_get_class_desc
                0x0000000080809c3c       0x74 cmd/built-in.o
 .text.usb_display_class_sub
                0x0000000080809cb0       0xf4 cmd/built-in.o
 .text.usb_display_desc
                0x0000000080809da4       0xf4 cmd/built-in.o
 .text.usb_show_tree_graph
                0x0000000080809e98      0x178 cmd/built-in.o
 .text.usb_show_subtree
                0x000000008080a010       0x1c cmd/built-in.o
 .text.usb_for_each_root_dev
                0x000000008080a02c       0x3c cmd/built-in.o
 .text.usb_display_string
                0x000000008080a068       0x2c cmd/built-in.o
 .text.usb_display_config
                0x000000008080a094      0x1ac cmd/built-in.o
 .text.usb_show_info
                0x000000008080a240       0x4a cmd/built-in.o
 .text.usb_find_device
                0x000000008080a28a       0x64 cmd/built-in.o
 *fill*         0x000000008080a2ee        0x2 
 .text.do_usbboot
                0x000000008080a2f0        0xc cmd/built-in.o
 .text.do_usb_start
                0x000000008080a2fc       0x20 cmd/built-in.o
 .text.usb_show_tree
                0x000000008080a31c        0xc cmd/built-in.o
                0x000000008080a31c                usb_show_tree
 .text.do_usb   0x000000008080a328      0x298 cmd/built-in.o
 .text.common_diskboot
                0x000000008080a5c0      0x184 cmd/built-in.o
                0x000000008080a5c0                common_diskboot
 .text.do_fastboot
                0x000000008080a744      0x128 cmd/built-in.o
 .text.do_imgextract
                0x000000008080a86c      0x1b4 cmd/built-in.o
 .text.do_spl   0x000000008080aa20      0x144 cmd/built-in.o
 .text.do_dfu   0x000000008080ab64       0x54 cmd/built-in.o
 .text.extract_val
                0x000000008080abb8       0x5c cmd/built-in.o
 .text.extract_env
                0x000000008080ac14       0xa0 cmd/built-in.o
 .text.set_gpt_info.isra.0.constprop.1
                0x000000008080acb4      0x34c cmd/built-in.o
 .text.do_gpt   0x000000008080b000      0x214 cmd/built-in.o
 .text.do_env_delete
                0x000000008080b214       0x68 cmd/built-in.o
 .text.do_env_exists
                0x000000008080b27c       0x40 cmd/built-in.o
 .text._do_env_set
                0x000000008080b2bc      0x13c cmd/built-in.o
 .text.do_env_set
                0x000000008080b3f8       0x16 cmd/built-in.o
 *fill*         0x000000008080b40e        0x2 
 .text.do_env_ask
                0x000000008080b410      0x100 cmd/built-in.o
                0x000000008080b410                do_env_ask
 .text.do_env_save
                0x000000008080b510        0xe cmd/built-in.o
 *fill*         0x000000008080b51e        0x2 
 .text.do_env   0x000000008080b520       0x3c cmd/built-in.o
 .text.env_print
                0x000000008080b55c       0x78 cmd/built-in.o
 .text.do_env_print
                0x000000008080b5d4       0x8c cmd/built-in.o
 .text.do_env_import
                0x000000008080b660      0x1d4 cmd/built-in.o
 .text.do_env_default
                0x000000008080b834       0x58 cmd/built-in.o
 .text.env_get_id
                0x000000008080b88c        0xc cmd/built-in.o
                0x000000008080b88c                env_get_id
 .text.env_set  0x000000008080b898       0x44 cmd/built-in.o
                0x000000008080b898                env_set
 .text.env_set_ulong
                0x000000008080b8dc       0x16 cmd/built-in.o
                0x000000008080b8dc                env_set_ulong
 *fill*         0x000000008080b8f2        0x2 
 .text.env_set_hex
                0x000000008080b8f4       0x20 cmd/built-in.o
                0x000000008080b8f4                env_set_hex
 .text.do_env_export
                0x000000008080b914      0x158 cmd/built-in.o
 .text.env_match
                0x000000008080ba6c       0x46 cmd/built-in.o
                0x000000008080ba6c                env_match
 *fill*         0x000000008080bab2        0x2 
 .text.env_get_f
                0x000000008080bab4       0x98 cmd/built-in.o
                0x000000008080bab4                env_get_f
 .text.env_get  0x000000008080bb4c       0x50 cmd/built-in.o
                0x000000008080bb4c                env_get
 .text.env_get_hex
                0x000000008080bb9c       0x22 cmd/built-in.o
                0x000000008080bb9c                env_get_hex
 .text.eth_env_get_enetaddr
                0x000000008080bbbe       0x34 cmd/built-in.o
                0x000000008080bbbe                eth_env_get_enetaddr
 *fill*         0x000000008080bbf2        0x2 
 .text.eth_env_set_enetaddr
                0x000000008080bbf4       0x30 cmd/built-in.o
                0x000000008080bbf4                eth_env_set_enetaddr
 .text.env_get_ulong
                0x000000008080bc24       0x1c cmd/built-in.o
                0x000000008080bc24                env_get_ulong
 .text.do_env_edit.part.2
                0x000000008080bc40       0x70 cmd/built-in.o
 .text.do_env_edit
                0x000000008080bcb0       0x1c cmd/built-in.o
 .text.board_init_f_alloc_reserve
                0x000000008080bccc        0xa common/built-in.o
                0x000000008080bccc                board_init_f_alloc_reserve
 .text.board_init_f_init_reserve
                0x000000008080bcd6       0x14 common/built-in.o
                0x000000008080bcd6                board_init_f_init_reserve
 .text.show_boot_progress
                0x000000008080bcea        0x4 common/built-in.o
                0x000000008080bcea                show_boot_progress
 *fill*         0x000000008080bcee        0x2 
 .text.main_loop
                0x000000008080bcf0       0x48 common/built-in.o
                0x000000008080bcf0                main_loop
 .text.mdelay   0x000000008080bd38        0xa common/built-in.o
 .text.dummy    0x000000008080bd42        0x2 common/built-in.o
 .text.get_version
                0x000000008080bd44        0x4 common/built-in.o
                0x000000008080bd44                get_version
 .text.jumptable_init
                0x000000008080bd48      0x170 common/built-in.o
                0x000000008080bd48                jumptable_init
 .text.hash_finish_crc32
                0x000000008080beb8       0x1c common/built-in.o
 .text.hash_finish_crc16_ccitt
                0x000000008080bed4       0x1c common/built-in.o
 .text.hash_update_crc32
                0x000000008080bef0       0x14 common/built-in.o
 .text.hash_init_crc32
                0x000000008080bf04       0x14 common/built-in.o
 .text.hash_init_crc16_ccitt
                0x000000008080bf18       0x14 common/built-in.o
 .text.hash_update_crc16_ccitt
                0x000000008080bf2c       0x14 common/built-in.o
 .text.hash_finish_sha256
                0x000000008080bf40       0x22 common/built-in.o
 .text.hash_update_sha256
                0x000000008080bf62       0x10 common/built-in.o
 .text.hash_init_sha256
                0x000000008080bf72       0x16 common/built-in.o
 .text.hash_finish_sha1
                0x000000008080bf88       0x22 common/built-in.o
 .text.hash_update_sha1
                0x000000008080bfaa       0x10 common/built-in.o
 .text.hash_init_sha1
                0x000000008080bfba       0x16 common/built-in.o
 .text.hash_lookup_algo
                0x000000008080bfd0       0x38 common/built-in.o
                0x000000008080bfd0                hash_lookup_algo
 .text.hash_progressive_lookup_algo
                0x000000008080c008       0x3c common/built-in.o
                0x000000008080c008                hash_progressive_lookup_algo
 .text.hash_command
                0x000000008080c044      0x12c common/built-in.o
                0x000000008080c044                hash_command
 .text.b_reset  0x000000008080c170        0xe common/built-in.o
 .text.static_get
                0x000000008080c17e       0x12 common/built-in.o
 .text.static_peek
                0x000000008080c190        0x6 common/built-in.o
 *fill*         0x000000008080c196        0x2 
 .text.mapset   0x000000008080c198       0x14 common/built-in.o
 .text.syntax_err
                0x000000008080c1ac        0xc common/built-in.o
 .text.free_pipe_list
                0x000000008080c1b8       0x8e common/built-in.o
 *fill*         0x000000008080c246        0x2 
 .text.xmalloc  0x000000008080c248       0x18 common/built-in.o
 .text.new_pipe
                0x000000008080c260       0x16 common/built-in.o
 *fill*         0x000000008080c276        0x2 
 .text.xrealloc
                0x000000008080c278       0x18 common/built-in.o
 .text.done_command
                0x000000008080c290       0x42 common/built-in.o
 .text.done_pipe
                0x000000008080c2d2       0x2c common/built-in.o
 *fill*         0x000000008080c2fe        0x2 
 .text.done_word
                0x000000008080c300      0x1c0 common/built-in.o
 .text.is_assignment
                0x000000008080c4c0       0x2c common/built-in.o
 .text.file_get
                0x000000008080c4ec      0x140 common/built-in.o
 .text.do_showvar
                0x000000008080c62c       0x9c common/built-in.o
 .text.b_addchr
                0x000000008080c6c8       0x42 common/built-in.o
 *fill*         0x000000008080c70a        0x2 
 .text.b_addqchr
                0x000000008080c70c       0x30 common/built-in.o
 .text.file_peek
                0x000000008080c73c        0x6 common/built-in.o
 *fill*         0x000000008080c742        0x2 
 .text.get_local_var
                0x000000008080c744       0x58 common/built-in.o
                0x000000008080c744                get_local_var
 .text.set_local_var
                0x000000008080c79c      0x10c common/built-in.o
                0x000000008080c79c                set_local_var
 .text.insert_var_value_sub
                0x000000008080c8a8      0x1c4 common/built-in.o
 .text.parse_string_outer
                0x000000008080ca6c       0x90 common/built-in.o
                0x000000008080ca6c                parse_string_outer
 .text.run_list_real
                0x000000008080cafc      0x4e8 common/built-in.o
 .text.parse_stream_outer
                0x000000008080cfe4      0x42c common/built-in.o
 .text.parse_file_outer
                0x000000008080d410       0x2c common/built-in.o
                0x000000008080d410                parse_file_outer
 .text.u_boot_hush_start
                0x000000008080d43c       0x30 common/built-in.o
                0x000000008080d43c                u_boot_hush_start
 .text.bootdelay_process
                0x000000008080d46c       0xfc common/built-in.o
                0x000000008080d46c                bootdelay_process
 .text.autoboot_command
                0x000000008080d568      0x164 common/built-in.o
                0x000000008080d568                autoboot_command
 .text.log_init
                0x000000008080d6cc        0x8 common/built-in.o
 .text.display_text_info
                0x000000008080d6d4        0x4 common/built-in.o
 .text.setup_mon_len
                0x000000008080d6d8       0x18 common/built-in.o
 .text.arch_cpu_init
                0x000000008080d6f0        0x4 common/built-in.o
                0x000000008080d6f0                arch_cpu_init
 .text.reserve_round_4k
                0x000000008080d6f4       0x14 common/built-in.o
 .text.reserve_mmu
                0x000000008080d708       0x2e common/built-in.o
                0x000000008080d708                reserve_mmu
 .text.reserve_uboot
                0x000000008080d736       0x30 common/built-in.o
 .text.reserve_malloc
                0x000000008080d766       0x14 common/built-in.o
 .text.setup_machine
                0x000000008080d77a        0xe common/built-in.o
 .text.reserve_global_data
                0x000000008080d788       0x16 common/built-in.o
 .text.reserve_fdt
                0x000000008080d79e       0x3a common/built-in.o
 .text.setup_reloc
                0x000000008080d7d8       0x26 common/built-in.o
 .text.reloc_fdt
                0x000000008080d7fe       0x2c common/built-in.o
 .text.reserve_board
                0x000000008080d82a       0x28 common/built-in.o
 *fill*         0x000000008080d852        0x2 
 .text.announce_dram_init
                0x000000008080d854       0x10 common/built-in.o
 .text.init_baud_rate
                0x000000008080d864       0x1c common/built-in.o
 .text.initf_dm
                0x000000008080d880        0x6 common/built-in.o
 .text.initf_bootstage
                0x000000008080d886        0xc common/built-in.o
 .text.setup_spl_handoff
                0x000000008080d892        0x4 common/built-in.o
 .text.mach_cpu_init
                0x000000008080d896        0x4 common/built-in.o
                0x000000008080d896                mach_cpu_init
 .text.reserve_video
                0x000000008080d89a        0x4 common/built-in.o
 .text.reserve_trace
                0x000000008080d89e        0x4 common/built-in.o
 .text.reserve_bootstage
                0x000000008080d8a2        0x4 common/built-in.o
 .text.reserve_bloblist
                0x000000008080d8a6        0x4 common/built-in.o
 .text.display_new_sp
                0x000000008080d8aa        0x4 common/built-in.o
 .text.reloc_bootstage
                0x000000008080d8ae        0x4 common/built-in.o
 .text.reloc_bloblist
                0x000000008080d8b2        0x4 common/built-in.o
 .text.initf_console_record
                0x000000008080d8b6        0x4 common/built-in.o
 .text.reserve_arch
                0x000000008080d8ba        0x4 common/built-in.o
                0x000000008080d8ba                reserve_arch
 .text.coloured_LED_init
                0x000000008080d8be        0x2 common/built-in.o
                0x000000008080d8be                coloured_LED_init
 .text.red_led_on
                0x000000008080d8c0        0x2 common/built-in.o
                0x000000008080d8c0                red_led_on
 .text.board_add_ram_info
                0x000000008080d8c2        0x2 common/built-in.o
                0x000000008080d8c2                board_add_ram_info
 .text.show_dram_config
                0x000000008080d8c4       0x38 common/built-in.o
 .text.board_get_usable_ram_top
                0x000000008080d8fc       0x10 common/built-in.o
                0x000000008080d8fc                board_get_usable_ram_top
 .text.setup_dest_addr
                0x000000008080d90c       0x30 common/built-in.o
 .text.reserve_stacks
                0x000000008080d93c       0x1a common/built-in.o
 *fill*         0x000000008080d956        0x2 
 .text.board_init_f
                0x000000008080d958       0x48 common/built-in.o
                0x000000008080d958                board_init_f
 .text.initr_trace
                0x000000008080d9a0        0x4 common/built-in.o
 .text.initr_reloc
                0x000000008080d9a4       0x14 common/built-in.o
 .text.run_main_loop
                0x000000008080d9b8        0x8 common/built-in.o
 .text.initr_net
                0x000000008080d9c0       0x14 common/built-in.o
 .text.initr_ethaddr
                0x000000008080d9d4       0x18 common/built-in.o
 .text.initr_enable_interrupts
                0x000000008080d9ec        0xa common/built-in.o
 .text.initr_jumptable
                0x000000008080d9f6        0xa common/built-in.o
 .text.initr_env
                0x000000008080da00       0x48 common/built-in.o
 .text.initr_mmc
                0x000000008080da48       0x18 common/built-in.o
 .text.initr_serial
                0x000000008080da60        0xa common/built-in.o
 .text.initr_dm
                0x000000008080da6a       0x16 common/built-in.o
 .text.initr_bootstage
                0x000000008080da80        0xc common/built-in.o
 .text.initr_malloc
                0x000000008080da8c       0x1c common/built-in.o
 .text.initr_reloc_global_data
                0x000000008080daa8       0x38 common/built-in.o
 .text.initr_caches
                0x000000008080dae0        0xa common/built-in.o
 .text.bootstage_relocate
                0x000000008080daea        0x4 common/built-in.o
 .text.initr_barrier
                0x000000008080daee        0x4 common/built-in.o
 .text.initr_console_record
                0x000000008080daf2        0x4 common/built-in.o
 .text.power_init_board
                0x000000008080daf6        0x4 common/built-in.o
                0x000000008080daf6                power_init_board
 .text.initr_announce
                0x000000008080dafa        0x4 common/built-in.o
 .text.cpu_secondary_init_r
                0x000000008080dafe        0x2 common/built-in.o
                0x000000008080dafe                cpu_secondary_init_r
 .text.initr_secondary_cpu
                0x000000008080db00        0xa common/built-in.o
 *fill*         0x000000008080db0a        0x2 
 .text.board_init_r
                0x000000008080db0c       0x48 common/built-in.o
                0x000000008080db0c                board_init_r
 .text.checkboard
                0x000000008080db54        0x4 common/built-in.o
                0x000000008080db54                checkboard
 .text.show_board_info
                0x000000008080db58       0x2c common/built-in.o
                0x000000008080db58                show_board_info
 .text.bootm_find_images
                0x000000008080db84       0x88 common/built-in.o
                0x000000008080db84                bootm_find_images
 .text.bootm_disable_interrupts
                0x000000008080dc0c       0x10 common/built-in.o
                0x000000008080dc0c                bootm_disable_interrupts
 .text.do_bootm_states
                0x000000008080dc1c      0x568 common/built-in.o
                0x000000008080dc1c                do_bootm_states
 .text.switch_to_non_secure_mode
                0x000000008080e184        0x2 common/built-in.o
                0x000000008080e184                switch_to_non_secure_mode
 .text.copy_args
                0x000000008080e186       0x38 common/built-in.o
 *fill*         0x000000008080e1be        0x2 
 .text.do_bootm_rtems
                0x000000008080e1c0       0x4c common/built-in.o
 .text.do_bootm_vxworks
                0x000000008080e20c       0xf8 common/built-in.o
                0x000000008080e20c                do_bootm_vxworks
 .text.do_bootm_plan9
                0x000000008080e304       0x88 common/built-in.o
 .text.do_bootm_standalone
                0x000000008080e38c       0x40 common/built-in.o
 .text.do_bootm_qnxelf
                0x000000008080e3cc       0x70 common/built-in.o
 .text.do_bootm_netbsd
                0x000000008080e43c       0xc4 common/built-in.o
 .text.arch_preboot_os
                0x000000008080e500        0x2 common/built-in.o
                0x000000008080e500                arch_preboot_os
 .text.board_preboot_os
                0x000000008080e502        0x2 common/built-in.o
                0x000000008080e502                board_preboot_os
 .text.boot_selected_os
                0x000000008080e504       0x3e common/built-in.o
                0x000000008080e504                boot_selected_os
 *fill*         0x000000008080e542        0x2 
 .text.bootm_os_get_boot_func
                0x000000008080e544        0xc common/built-in.o
                0x000000008080e544                bootm_os_get_boot_func
 .text.of_bus_default_map
                0x000000008080e550       0x80 common/built-in.o
 .text.of_bus_default_translate
                0x000000008080e5d0       0x68 common/built-in.o
 .text.fdt_support_default_count_cells
                0x000000008080e638       0x34 common/built-in.o
                0x000000008080e638                fdt_support_default_count_cells
 .text.__of_translate_address
                0x000000008080e66c      0x170 common/built-in.o
 .text.fdt_find_and_setprop
                0x000000008080e7dc       0x46 common/built-in.o
                0x000000008080e7dc                fdt_find_and_setprop
 *fill*         0x000000008080e822        0x2 
 .text.fdt_find_or_add_subnode
                0x000000008080e824       0x40 common/built-in.o
                0x000000008080e824                fdt_find_or_add_subnode
 .text.fdt_root
                0x000000008080e864       0x60 common/built-in.o
                0x000000008080e864                fdt_root
 .text.fdt_initrd
                0x000000008080e8c4      0x134 common/built-in.o
                0x000000008080e8c4                fdt_initrd
 .text.fdt_chosen
                0x000000008080e9f8       0x6c common/built-in.o
                0x000000008080e9f8                fdt_chosen
 .text.do_fixup_by_path
                0x000000008080ea64       0x34 common/built-in.o
                0x000000008080ea64                do_fixup_by_path
 .text.fdt_fixup_memory_banks
                0x000000008080ea98      0x164 common/built-in.o
                0x000000008080ea98                fdt_fixup_memory_banks
 .text.fdt_fixup_memory
                0x000000008080ebfc       0x16 common/built-in.o
                0x000000008080ebfc                fdt_fixup_memory
 *fill*         0x000000008080ec12        0x2 
 .text.fdt_fixup_ethernet
                0x000000008080ec14      0x10c common/built-in.o
                0x000000008080ec14                fdt_fixup_ethernet
 .text.fdt_shrink_to_minimum
                0x000000008080ed20       0x8e common/built-in.o
                0x000000008080ed20                fdt_shrink_to_minimum
 *fill*         0x000000008080edae        0x2 
 .text.fdt_translate_address
                0x000000008080edb0        0xc common/built-in.o
                0x000000008080edb0                fdt_translate_address
 .text.fdt_overlay_apply_verbose
                0x000000008080edbc       0x4c common/built-in.o
                0x000000008080edbc                fdt_overlay_apply_verbose
 .text.miiphy_get_dev_by_name
                0x000000008080ee08       0x34 common/built-in.o
                0x000000008080ee08                miiphy_get_dev_by_name
 .text.miiphy_init
                0x000000008080ee3c       0x18 common/built-in.o
                0x000000008080ee3c                miiphy_init
 .text.mdio_alloc
                0x000000008080ee54       0x1c common/built-in.o
                0x000000008080ee54                mdio_alloc
 .text.mdio_free
                0x000000008080ee70        0x4 common/built-in.o
                0x000000008080ee70                mdio_free
 .text.mdio_register
                0x000000008080ee74       0x4c common/built-in.o
                0x000000008080ee74                mdio_register
 .text.mdio_list_devices
                0x000000008080eec0       0x78 common/built-in.o
                0x000000008080eec0                mdio_list_devices
 .text.miiphy_set_current_dev
                0x000000008080ef38       0x28 common/built-in.o
                0x000000008080ef38                miiphy_set_current_dev
 .text.miiphy_get_active_dev
                0x000000008080ef60       0x30 common/built-in.o
 .text.mdio_get_current_dev
                0x000000008080ef90        0xc common/built-in.o
                0x000000008080ef90                mdio_get_current_dev
 .text.mdio_phydev_for_ethname
                0x000000008080ef9c       0x50 common/built-in.o
                0x000000008080ef9c                mdio_phydev_for_ethname
 .text.miiphy_get_current_dev
                0x000000008080efec       0x10 common/built-in.o
                0x000000008080efec                miiphy_get_current_dev
 .text.miiphy_read
                0x000000008080effc       0x28 common/built-in.o
                0x000000008080effc                miiphy_read
 .text.miiphy_write
                0x000000008080f024       0x24 common/built-in.o
                0x000000008080f024                miiphy_write
 .text.miiphy_listdev
                0x000000008080f048       0x54 common/built-in.o
                0x000000008080f048                miiphy_listdev
 .text.miiphy_info
                0x000000008080f09c       0x5c common/built-in.o
                0x000000008080f09c                miiphy_info
 .text.miiphy_is_1000base_x
                0x000000008080f0f8       0x30 common/built-in.o
                0x000000008080f0f8                miiphy_is_1000base_x
 .text.miiphy_speed
                0x000000008080f128       0xb8 common/built-in.o
                0x000000008080f128                miiphy_speed
 .text.miiphy_duplex
                0x000000008080f1e0       0xd0 common/built-in.o
                0x000000008080f1e0                miiphy_duplex
 .text.usb_set_maxpacket_ep
                0x000000008080f2b0       0x56 common/built-in.o
 .text.usb_int_msg
                0x000000008080f306        0xe common/built-in.o
                0x000000008080f306                usb_int_msg
 .text.usb_control_msg
                0x000000008080f314       0x6c common/built-in.o
                0x000000008080f314                usb_control_msg
 .text.usb_get_descriptor
                0x000000008080f380       0x36 common/built-in.o
 *fill*         0x000000008080f3b6        0x2 
 .text.get_descriptor_len
                0x000000008080f3b8       0x60 common/built-in.o
 .text.usb_setup_descriptor
                0x000000008080f418       0x84 common/built-in.o
 .text.usb_get_string
                0x000000008080f49c       0x50 common/built-in.o
 .text.usb_string_sub
                0x000000008080f4ec       0x90 common/built-in.o
 .text.usb_bulk_msg
                0x000000008080f57c       0x4a common/built-in.o
                0x000000008080f57c                usb_bulk_msg
 .text.usb_maxpacket
                0x000000008080f5c6       0x14 common/built-in.o
                0x000000008080f5c6                usb_maxpacket
 .text.usb_clear_halt
                0x000000008080f5da       0x5c common/built-in.o
                0x000000008080f5da                usb_clear_halt
 *fill*         0x000000008080f636        0x2 
 .text.usb_get_configuration_len
                0x000000008080f638       0x50 common/built-in.o
                0x000000008080f638                usb_get_configuration_len
 .text.usb_get_configuration_no
                0x000000008080f688       0x1c common/built-in.o
                0x000000008080f688                usb_get_configuration_no
 .text.usb_set_interface
                0x000000008080f6a4       0x78 common/built-in.o
                0x000000008080f6a4                usb_set_interface
 .text.usb_string
                0x000000008080f71c       0x9c common/built-in.o
                0x000000008080f71c                usb_string
 .text.usb_select_config
                0x000000008080f7b8      0x310 common/built-in.o
                0x000000008080f7b8                usb_select_config
 .text.usb_setup_device
                0x000000008080fac8       0xa4 common/built-in.o
                0x000000008080fac8                usb_setup_device
 .text.usb_device_has_child_on_port
                0x000000008080fb6c        0x4 common/built-in.o
                0x000000008080fb6c                usb_device_has_child_on_port
 .text.usb_find_usb2_hub_address_port
                0x000000008080fb70       0x4c common/built-in.o
                0x000000008080fb70                usb_find_usb2_hub_address_port
 .text.usb_set_port_feature
                0x000000008080fbbc       0x2e common/built-in.o
 .text.usb_clear_port_feature
                0x000000008080fbea       0x2e common/built-in.o
 .text.usb_get_hub_descriptor
                0x000000008080fc18       0x42 common/built-in.o
 .text.usb_hub_reset_devices
                0x000000008080fc5a        0x2 common/built-in.o
                0x000000008080fc5a                usb_hub_reset_devices
 .text.usb_hub_is_root_hub
                0x000000008080fc5c       0x10 common/built-in.o
                0x000000008080fc5c                usb_hub_is_root_hub
 .text.usb_get_port_status
                0x000000008080fc6c       0x70 common/built-in.o
                0x000000008080fc6c                usb_get_port_status
 .text.usb_hub_port_connect_change
                0x000000008080fcdc       0xf4 common/built-in.o
                0x000000008080fcdc                usb_hub_port_connect_change
 .text.usb_hub_configure
                0x000000008080fdd0      0x3f0 common/built-in.o
 .text.usb_hub_scan
                0x00000000808101c0        0xe common/built-in.o
                0x00000000808101c0                usb_hub_scan
 .text.usb_hub_post_probe
                0x00000000808101ce        0x4 common/built-in.o
 .text.usb_stor_irq
                0x00000000808101d2       0x10 common/built-in.o
 *fill*         0x00000000808101e2        0x2 
 .text.usb_stor_BBB_reset
                0x00000000808101e4       0x94 common/built-in.o
 .text.usb_stor_CB_reset
                0x0000000080810278       0x88 common/built-in.o
 .text.usb_stor_BBB_clear_endpt_stall.isra.0
                0x0000000080810300       0x2c common/built-in.o
 .text.usb_stor_BBB_transport
                0x000000008081032c      0x1b0 common/built-in.o
 .text.usb_stor_CB_comdat
                0x00000000808104dc      0x154 common/built-in.o
 .text.usb_stor_CBI_get_status.isra.2
                0x0000000080810630       0x84 common/built-in.o
 .text.usb_stor_CB_transport
                0x00000000808106b4      0x154 common/built-in.o
 .text.usb_request_sense.constprop.11
                0x0000000080810808       0x4c common/built-in.o
 .text.usb_stor_read
                0x0000000080810854       0xec common/built-in.o
 .text.usb_stor_write
                0x0000000080810940       0xec common/built-in.o
 .text.usb_stor_info
                0x0000000080810a2c       0x48 common/built-in.o
                0x0000000080810a2c                usb_stor_info
 .text.usb_stor_reset
                0x0000000080810a74        0xc common/built-in.o
                0x0000000080810a74                usb_stor_reset
 .text.usb_stor_scan
                0x0000000080810a80       0x30 common/built-in.o
                0x0000000080810a80                usb_stor_scan
 .text.usb_storage_probe
                0x0000000080810ab0      0x180 common/built-in.o
                0x0000000080810ab0                usb_storage_probe
 .text.usb_stor_get_info
                0x0000000080810c30      0x224 common/built-in.o
                0x0000000080810c30                usb_stor_get_info
 .text.usb_mass_storage_probe
                0x0000000080810e54       0xfc common/built-in.o
 .text.menu_display_statusline
                0x0000000080810f50        0x2 common/built-in.o
                0x0000000080810f50                menu_display_statusline
 .text.menu_default_set
                0x0000000080810f52       0x4a common/built-in.o
                0x0000000080810f52                menu_default_set
 .text.menu_get_choice
                0x0000000080810f9c      0x128 common/built-in.o
                0x0000000080810f9c                menu_get_choice
 .text.menu_item_add
                0x00000000808110c4       0x84 common/built-in.o
                0x00000000808110c4                menu_item_add
 .text.menu_create
                0x0000000080811148       0x54 common/built-in.o
                0x0000000080811148                menu_create
 .text.menu_destroy
                0x000000008081119c       0x44 common/built-in.o
                0x000000008081119c                menu_destroy
 .text.delete_char.part.0
                0x00000000808111e0       0x88 common/built-in.o
 .text.cread_add_char
                0x0000000080811268       0x80 common/built-in.o
 .text.cli_readline_into_buffer
                0x00000000808112e8      0x658 common/built-in.o
                0x00000000808112e8                cli_readline_into_buffer
 .text.cli_readline
                0x0000000080811940       0x10 common/built-in.o
                0x0000000080811940                cli_readline
 .text.cli_simple_process_macros
                0x0000000080811950      0x124 common/built-in.o
                0x0000000080811950                cli_simple_process_macros
 .text.console_setfile
                0x0000000080811a74       0x74 common/built-in.o
 .text.fgetc.part.0
                0x0000000080811ae8       0x24 common/built-in.o
 .text.getc     0x0000000080811b0c       0x1a common/built-in.o
                0x0000000080811b0c                getc
 *fill*         0x0000000080811b26        0x2 
 .text.ftstc    0x0000000080811b28       0x18 common/built-in.o
                0x0000000080811b28                ftstc
 .text.tstc     0x0000000080811b40       0x1a common/built-in.o
                0x0000000080811b40                tstc
 *fill*         0x0000000080811b5a        0x2 
 .text.fputc    0x0000000080811b5c       0x14 common/built-in.o
                0x0000000080811b5c                fputc
 .text.putc     0x0000000080811b70       0x22 common/built-in.o
                0x0000000080811b70                putc
 *fill*         0x0000000080811b92        0x2 
 .text.fputs    0x0000000080811b94       0x14 common/built-in.o
                0x0000000080811b94                fputs
 .text.puts     0x0000000080811ba8       0x22 common/built-in.o
                0x0000000080811ba8                puts
 *fill*         0x0000000080811bca        0x2 
 .text.ctrlc    0x0000000080811bcc       0x38 common/built-in.o
                0x0000000080811bcc                ctrlc
 .text.disable_ctrlc
                0x0000000080811c04       0x10 common/built-in.o
                0x0000000080811c04                disable_ctrlc
 .text.had_ctrlc
                0x0000000080811c14        0xc common/built-in.o
                0x0000000080811c14                had_ctrlc
 .text.clear_ctrlc
                0x0000000080811c20        0xc common/built-in.o
                0x0000000080811c20                clear_ctrlc
 .text.search_device
                0x0000000080811c2c       0x16 common/built-in.o
                0x0000000080811c2c                search_device
 .text.console_assign
                0x0000000080811c42       0x2a common/built-in.o
                0x0000000080811c42                console_assign
 .text.on_console
                0x0000000080811c6c       0x6c common/built-in.o
 .text.console_init_f
                0x0000000080811cd8        0xa common/built-in.o
                0x0000000080811cd8                console_init_f
 *fill*         0x0000000080811ce2        0x2 
 .text.console_init_r
                0x0000000080811ce4       0x8c common/built-in.o
                0x0000000080811ce4                console_init_r
 .text.sbrk     0x0000000080811d70       0x40 common/built-in.o
                0x0000000080811d70                sbrk
 .text.mem_malloc_init
                0x0000000080811db0       0x28 common/built-in.o
                0x0000000080811db0                mem_malloc_init
 .text.malloc_trim
                0x0000000080811dd8       0x84 common/built-in.o
                0x0000000080811dd8                malloc_trim
 .text.free     0x0000000080811e5c      0x164 common/built-in.o
                0x0000000080811e5c                free
 .text.malloc   0x0000000080811fc0      0x420 common/built-in.o
                0x0000000080811fc0                malloc
 .text.calloc   0x00000000808123e0       0xb4 common/built-in.o
                0x00000000808123e0                calloc
 .text.realloc  0x0000000080812494      0x2d0 common/built-in.o
                0x0000000080812494                realloc
 .text.memalign
                0x0000000080812764      0x116 common/built-in.o
                0x0000000080812764                memalign
 .text.initf_malloc
                0x000000008081287a       0x14 common/built-in.o
                0x000000008081287a                initf_malloc
 .text.alloc_simple
                0x000000008081288e       0x36 common/built-in.o
 .text.malloc_simple
                0x00000000808128c4        0x6 common/built-in.o
                0x00000000808128c4                malloc_simple
 .text.memalign_simple
                0x00000000808128ca        0xa common/built-in.o
                0x00000000808128ca                memalign_simple
 .text.on_loadaddr
                0x00000000808128d4       0x20 common/built-in.o
 .text.image_multi_count
                0x00000000808128f4       0x12 common/built-in.o
                0x00000000808128f4                image_multi_count
 .text.image_multi_getimg
                0x0000000080812906       0x4a common/built-in.o
                0x0000000080812906                image_multi_getimg
 .text.env_get_bootm_low
                0x0000000080812950       0x20 common/built-in.o
                0x0000000080812950                env_get_bootm_low
 .text.env_get_bootm_size
                0x0000000080812970       0x44 common/built-in.o
                0x0000000080812970                env_get_bootm_size
 .text.env_get_bootm_mapsize
                0x00000000808129b4       0x20 common/built-in.o
                0x00000000808129b4                env_get_bootm_mapsize
 .text.memmove_wd
                0x00000000808129d4        0xa common/built-in.o
                0x00000000808129d4                memmove_wd
 *fill*         0x00000000808129de        0x2 
 .text.genimg_print_size
                0x00000000808129e0       0x24 common/built-in.o
                0x00000000808129e0                genimg_print_size
 .text.genimg_print_time
                0x0000000080812a04       0x30 common/built-in.o
                0x0000000080812a04                genimg_print_time
 .text.get_table_entry
                0x0000000080812a34       0x12 common/built-in.o
                0x0000000080812a34                get_table_entry
 .text.get_table_entry_name
                0x0000000080812a46       0x12 common/built-in.o
                0x0000000080812a46                get_table_entry_name
 .text.genimg_get_os_name
                0x0000000080812a58       0x14 common/built-in.o
                0x0000000080812a58                genimg_get_os_name
 .text.genimg_get_arch_name
                0x0000000080812a6c       0x14 common/built-in.o
                0x0000000080812a6c                genimg_get_arch_name
 .text.genimg_get_type_name
                0x0000000080812a80       0x14 common/built-in.o
                0x0000000080812a80                genimg_get_type_name
 .text.image_decomp
                0x0000000080812a94       0xb0 common/built-in.o
                0x0000000080812a94                image_decomp
 .text.genimg_get_comp_name
                0x0000000080812b44       0x14 common/built-in.o
                0x0000000080812b44                genimg_get_comp_name
 .text.get_table_entry_id
                0x0000000080812b58       0x26 common/built-in.o
                0x0000000080812b58                get_table_entry_id
 *fill*         0x0000000080812b7e        0x2 
 .text.genimg_get_os_id
                0x0000000080812b80       0x14 common/built-in.o
                0x0000000080812b80                genimg_get_os_id
 .text.genimg_get_arch_id
                0x0000000080812b94       0x14 common/built-in.o
                0x0000000080812b94                genimg_get_arch_id
 .text.genimg_get_type_id
                0x0000000080812ba8       0x14 common/built-in.o
                0x0000000080812ba8                genimg_get_type_id
 .text.genimg_get_comp_id
                0x0000000080812bbc       0x14 common/built-in.o
                0x0000000080812bbc                genimg_get_comp_id
 .text.genimg_get_kernel_addr_fit
                0x0000000080812bd0       0x3c common/built-in.o
                0x0000000080812bd0                genimg_get_kernel_addr_fit
 .text.genimg_get_kernel_addr
                0x0000000080812c0c       0x18 common/built-in.o
                0x0000000080812c0c                genimg_get_kernel_addr
 .text.genimg_get_format
                0x0000000080812c24       0x1e common/built-in.o
                0x0000000080812c24                genimg_get_format
 .text.genimg_has_config
                0x0000000080812c42        0xa common/built-in.o
                0x0000000080812c42                genimg_has_config
 .text.boot_get_ramdisk
                0x0000000080812c4c      0x1a4 common/built-in.o
                0x0000000080812c4c                boot_get_ramdisk
 .text.boot_ramdisk_high
                0x0000000080812df0       0xc4 common/built-in.o
                0x0000000080812df0                boot_ramdisk_high
 .text.boot_get_setup
                0x0000000080812eb4        0x4 common/built-in.o
                0x0000000080812eb4                boot_get_setup
 .text.boot_get_loadable
                0x0000000080812eb8       0xe8 common/built-in.o
                0x0000000080812eb8                boot_get_loadable
 .text.image_setup_linux
                0x0000000080812fa0       0x3e common/built-in.o
                0x0000000080812fa0                image_setup_linux
 *fill*         0x0000000080812fde        0x2 
 .text.android_image_get_kernel
                0x0000000080812fe0      0x190 common/built-in.o
                0x0000000080812fe0                android_image_get_kernel
 .text.android_image_check_header
                0x0000000080813170       0x10 common/built-in.o
                0x0000000080813170                android_image_check_header
 .text.android_image_get_end
                0x0000000080813180       0x78 common/built-in.o
                0x0000000080813180                android_image_get_end
 .text.android_image_get_kload
                0x00000000808131f8       0x40 common/built-in.o
                0x00000000808131f8                android_image_get_kload
 .text.android_image_get_kcomp
                0x0000000080813238       0x40 common/built-in.o
                0x0000000080813238                android_image_get_kcomp
 .text.android_image_get_ramdisk
                0x0000000080813278       0xc4 common/built-in.o
                0x0000000080813278                android_image_get_ramdisk
 .text.android_image_get_second
                0x000000008081333c       0xe8 common/built-in.o
                0x000000008081333c                android_image_get_second
 .text.android_print_contents
                0x0000000080813424      0x1a4 common/built-in.o
                0x0000000080813424                android_print_contents
 .text.fdt_error
                0x00000000808135c8       0x24 common/built-in.o
 .text.boot_fdt_add_mem_rsv_regions
                0x00000000808135ec       0xf4 common/built-in.o
                0x00000000808135ec                boot_fdt_add_mem_rsv_regions
 .text.boot_relocate_fdt
                0x00000000808136e0      0x114 common/built-in.o
                0x00000000808136e0                boot_relocate_fdt
 .text.boot_get_fdt
                0x00000000808137f4      0x1d4 common/built-in.o
                0x00000000808137f4                boot_get_fdt
 .text.ft_verify_fdt
                0x00000000808139c8        0x4 common/built-in.o
                0x00000000808139c8                ft_verify_fdt
 .text.image_setup_libfdt
                0x00000000808139cc       0xb0 common/built-in.o
                0x00000000808139cc                image_setup_libfdt
 .text.fit_image_get_address
                0x0000000080813a7c       0x3c common/built-in.o
 .text.fit_parse_conf
                0x0000000080813ab8       0x3a common/built-in.o
                0x0000000080813ab8                fit_parse_conf
 .text.fit_parse_subimage
                0x0000000080813af2       0x3a common/built-in.o
                0x0000000080813af2                fit_parse_subimage
 .text.fit_get_desc
                0x0000000080813b2c       0x20 common/built-in.o
                0x0000000080813b2c                fit_get_desc
 .text.fit_get_timestamp
                0x0000000080813b4c       0x30 common/built-in.o
                0x0000000080813b4c                fit_get_timestamp
 .text.fit_image_get_node
                0x0000000080813b7c       0x24 common/built-in.o
                0x0000000080813b7c                fit_image_get_node
 .text.fit_image_get_os
                0x0000000080813ba0       0x28 common/built-in.o
                0x0000000080813ba0                fit_image_get_os
 .text.fit_image_get_arch
                0x0000000080813bc8       0x28 common/built-in.o
                0x0000000080813bc8                fit_image_get_arch
 .text.fit_image_get_type
                0x0000000080813bf0       0x28 common/built-in.o
                0x0000000080813bf0                fit_image_get_type
 .text.fit_image_get_comp
                0x0000000080813c18       0x28 common/built-in.o
                0x0000000080813c18                fit_image_get_comp
 .text.fit_image_get_load
                0x0000000080813c40        0xc common/built-in.o
                0x0000000080813c40                fit_image_get_load
 .text.fit_image_get_entry
                0x0000000080813c4c        0xc common/built-in.o
                0x0000000080813c4c                fit_image_get_entry
 .text.fit_image_get_data
                0x0000000080813c58       0x28 common/built-in.o
                0x0000000080813c58                fit_image_get_data
 .text.fit_image_get_data_offset
                0x0000000080813c80       0x24 common/built-in.o
                0x0000000080813c80                fit_image_get_data_offset
 .text.fit_image_get_data_position
                0x0000000080813ca4       0x24 common/built-in.o
                0x0000000080813ca4                fit_image_get_data_position
 .text.fit_image_get_data_size
                0x0000000080813cc8       0x24 common/built-in.o
                0x0000000080813cc8                fit_image_get_data_size
 .text.fit_image_get_data_and_size
                0x0000000080813cec       0x54 common/built-in.o
                0x0000000080813cec                fit_image_get_data_and_size
 .text.fit_image_hash_get_algo
                0x0000000080813d40       0x20 common/built-in.o
                0x0000000080813d40                fit_image_hash_get_algo
 .text.fit_image_hash_get_value
                0x0000000080813d60       0x28 common/built-in.o
                0x0000000080813d60                fit_image_hash_get_value
 .text.fit_image_print_data
                0x0000000080813d88      0x128 common/built-in.o
 .text.fit_image_print_verification_data
                0x0000000080813eb0       0x60 common/built-in.o
 .text.fit_image_print
                0x0000000080813f10      0x228 common/built-in.o
                0x0000000080813f10                fit_image_print
 .text.fit_print_contents
                0x0000000080814138      0x2f0 common/built-in.o
                0x0000000080814138                fit_print_contents
 .text.fit_get_end
                0x0000000080814428        0x8 common/built-in.o
                0x0000000080814428                fit_get_end
 .text.calculate_hash
                0x0000000080814430       0xa8 common/built-in.o
                0x0000000080814430                calculate_hash
 .text.fit_image_verify_with_data
                0x00000000808144d8      0x1ac common/built-in.o
                0x00000000808144d8                fit_image_verify_with_data
 .text.fit_image_verify
                0x0000000080814684       0x50 common/built-in.o
                0x0000000080814684                fit_image_verify
 .text.fit_all_image_verify
                0x00000000808146d4       0xa8 common/built-in.o
                0x00000000808146d4                fit_all_image_verify
 .text.fit_image_check_os
                0x000000008081477c       0x20 common/built-in.o
                0x000000008081477c                fit_image_check_os
 .text.fit_image_check_arch
                0x000000008081479c       0x2c common/built-in.o
                0x000000008081479c                fit_image_check_arch
 .text.fit_image_check_type
                0x00000000808147c8       0x20 common/built-in.o
                0x00000000808147c8                fit_image_check_type
 .text.fit_image_check_comp
                0x00000000808147e8       0x20 common/built-in.o
                0x00000000808147e8                fit_image_check_comp
 .text.fit_check_format
                0x0000000080814808       0x40 common/built-in.o
                0x0000000080814808                fit_check_format
 .text.fit_conf_get_node
                0x0000000080814848       0x7c common/built-in.o
                0x0000000080814848                fit_conf_get_node
 .text.fit_conf_get_prop_node_index
                0x00000000808148c4       0x20 common/built-in.o
                0x00000000808148c4                fit_conf_get_prop_node_index
 .text.fit_conf_get_prop_node
                0x00000000808148e4        0x6 common/built-in.o
                0x00000000808148e4                fit_conf_get_prop_node
 .text.fit_get_node_from_config
                0x00000000808148ea       0x2a common/built-in.o
                0x00000000808148ea                fit_get_node_from_config
 .text.fit_image_load
                0x0000000080814914      0x474 common/built-in.o
                0x0000000080814914                fit_image_load
 .text.boot_get_setup_fit
                0x0000000080814d88       0x40 common/built-in.o
                0x0000000080814d88                boot_get_setup_fit
 .text.boot_get_fdt_fit
                0x0000000080814dc8      0x1e4 common/built-in.o
                0x0000000080814dc8                boot_get_fdt_fit
 .text.rsa_sign
                0x0000000080814fac        0x6 common/built-in.o
 .text.rsa_add_verify_data
                0x0000000080814fb2        0x6 common/built-in.o
 .text.image_get_checksum_algo
                0x0000000080814fb8       0x4c common/built-in.o
                0x0000000080814fb8                image_get_checksum_algo
 .text.image_get_crypto_algo
                0x0000000080815004       0x38 common/built-in.o
                0x0000000080815004                image_get_crypto_algo
 .text.image_get_padding_algo
                0x000000008081503c       0x20 common/built-in.o
                0x000000008081503c                image_get_padding_algo
 .text.fit_image_setup_verify
                0x000000008081505c       0xd4 common/built-in.o
 .text.fit_region_make_list
                0x0000000080815130       0x36 common/built-in.o
                0x0000000080815130                fit_region_make_list
 *fill*         0x0000000080815166        0x2 
 .text.fit_image_check_sig
                0x0000000080815168       0x68 common/built-in.o
                0x0000000080815168                fit_image_check_sig
 .text.fit_image_verify_required_sigs
                0x00000000808151d0      0x144 common/built-in.o
                0x00000000808151d0                fit_image_verify_required_sigs
 .text.fit_config_check_sig
                0x0000000080815314      0x1ac common/built-in.o
                0x0000000080815314                fit_config_check_sig
 .text.fit_config_verify_required_sigs
                0x00000000808154c0      0x120 common/built-in.o
                0x00000000808154c0                fit_config_verify_required_sigs
 .text.fit_config_verify
                0x00000000808155e0        0x8 common/built-in.o
                0x00000000808155e0                fit_config_verify
 .text.get_ram_size
                0x00000000808155e8       0x94 common/built-in.o
                0x00000000808155e8                get_ram_size
 .text.get_effective_memsize
                0x000000008081567c        0x6 common/built-in.o
                0x000000008081567c                get_effective_memsize
 .text.stdio_serial_tstc
                0x0000000080815682        0x4 common/built-in.o
 .text.stdio_serial_getc
                0x0000000080815686        0x4 common/built-in.o
 .text.stdio_serial_puts
                0x000000008081568a        0x6 common/built-in.o
 .text.stdio_serial_putc
                0x0000000080815690        0x6 common/built-in.o
 *fill*         0x0000000080815696        0x2 
 .text.stdio_get_list
                0x0000000080815698        0x8 common/built-in.o
                0x0000000080815698                stdio_get_list
 .text.stdio_get_by_name
                0x00000000808156a0       0x30 common/built-in.o
                0x00000000808156a0                stdio_get_by_name
 .text.stdio_clone
                0x00000000808156d0       0x22 common/built-in.o
                0x00000000808156d0                stdio_clone
 *fill*         0x00000000808156f2        0x2 
 .text.stdio_register_dev
                0x00000000808156f4       0x34 common/built-in.o
                0x00000000808156f4                stdio_register_dev
 .text.stdio_register
                0x0000000080815728        0x6 common/built-in.o
                0x0000000080815728                stdio_register
 *fill*         0x000000008081572e        0x2 
 .text.stdio_init_tables
                0x0000000080815730       0x14 common/built-in.o
                0x0000000080815730                stdio_init_tables
 .text.stdio_add_devices
                0x0000000080815744       0x50 common/built-in.o
                0x0000000080815744                stdio_add_devices
 .text.run_command
                0x0000000080815794        0xe common/built-in.o
                0x0000000080815794                run_command
 .text.run_command_list
                0x00000000808157a2       0x46 common/built-in.o
                0x00000000808157a2                run_command_list
 .text.do_run   0x00000000808157e8       0x4c common/built-in.o
                0x00000000808157e8                do_run
 .text.cli_process_fdt
                0x0000000080815834       0x30 common/built-in.o
                0x0000000080815834                cli_process_fdt
 .text.cli_secure_boot_cmd
                0x0000000080815864       0x4c common/built-in.o
                0x0000000080815864                cli_secure_boot_cmd
 .text.cli_loop
                0x00000000808158b0        0xe common/built-in.o
                0x00000000808158b0                cli_loop
 .text.cli_init
                0x00000000808158be        0x4 common/built-in.o
                0x00000000808158be                cli_init
 *fill*         0x00000000808158c2        0x2 
 .text.run_usb_dnl_gadget
                0x00000000808158c4       0xbc common/built-in.o
                0x00000000808158c4                run_usb_dnl_gadget
 .text.find_cmd_tbl
                0x0000000080815980       0x60 common/built-in.o
                0x0000000080815980                find_cmd_tbl
 .text.find_cmd
                0x00000000808159e0       0x1c common/built-in.o
                0x00000000808159e0                find_cmd
 .text.cmd_usage
                0x00000000808159fc       0x3c common/built-in.o
                0x00000000808159fc                cmd_usage
 .text._do_help
                0x0000000080815a38      0x108 common/built-in.o
                0x0000000080815a38                _do_help
 .text.var_complete
                0x0000000080815b40       0x50 common/built-in.o
                0x0000000080815b40                var_complete
 .text.complete_subcmdv
                0x0000000080815b90      0x104 common/built-in.o
                0x0000000080815b90                complete_subcmdv
 .text.cmd_auto_complete
                0x0000000080815c94      0x28c common/built-in.o
                0x0000000080815c94                cmd_auto_complete
 .text.cmd_get_data_size
                0x0000000080815f20       0x34 common/built-in.o
                0x0000000080815f20                cmd_get_data_size
 .text.cmd_always_repeatable
                0x0000000080815f54       0x10 common/built-in.o
                0x0000000080815f54                cmd_always_repeatable
 .text.cmd_never_repeatable
                0x0000000080815f64       0x10 common/built-in.o
                0x0000000080815f64                cmd_never_repeatable
 .text.cmd_process
                0x0000000080815f74       0xd8 common/built-in.o
                0x0000000080815f74                cmd_process
 .text.cmd_process_error
                0x000000008081604c       0x1c common/built-in.o
                0x000000008081604c                cmd_process_error
 .text.hex1_bin
                0x0000000080816068       0x2a common/built-in.o
 .text.hex2_bin
                0x0000000080816092       0x24 common/built-in.o
 .text.srec_decode
                0x00000000808160b6      0x17a common/built-in.o
                0x00000000808160b6                srec_decode
 .text.CYGACC_COMM_IF_GETC_TIMEOUT.isra.0
                0x0000000080816230       0x2e common/built-in.o
 .text.xyzModem_flush
                0x000000008081625e       0x14 common/built-in.o
 *fill*         0x0000000080816272        0x2 
 .text.xyzModem_get_hdr
                0x0000000080816274      0x16c common/built-in.o
 .text.xyzModem_stream_open
                0x00000000808163e0      0x170 common/built-in.o
                0x00000000808163e0                xyzModem_stream_open
 .text.xyzModem_stream_read
                0x0000000080816550      0x1bc common/built-in.o
                0x0000000080816550                xyzModem_stream_read
 .text.xyzModem_stream_close
                0x000000008081670c       0x40 common/built-in.o
                0x000000008081670c                xyzModem_stream_close
 .text.xyzModem_stream_terminate
                0x000000008081674c       0x68 common/built-in.o
                0x000000008081674c                xyzModem_stream_terminate
 .text.xyzModem_error
                0x00000000808167b4       0x18 common/built-in.o
                0x00000000808167b4                xyzModem_error
 .text.part_driver_lookup_type
                0x00000000808167cc       0x44 disk/built-in.o
 .text.blk_get_dev
                0x0000000080816810       0x1c disk/built-in.o
                0x0000000080816810                blk_get_dev
 .text.dev_print
                0x000000008081682c      0x184 disk/built-in.o
                0x000000008081682c                dev_print
 .text.part_init
                0x00000000808169b0       0x38 disk/built-in.o
                0x00000000808169b0                part_init
 .text.part_print
                0x00000000808169e8       0xb8 disk/built-in.o
                0x00000000808169e8                part_print
 .text.part_get_info
                0x0000000080816aa0       0x36 disk/built-in.o
                0x0000000080816aa0                part_get_info
 *fill*         0x0000000080816ad6        0x2 
 .text.part_get_info_whole_disk
                0x0000000080816ad8       0x38 disk/built-in.o
                0x0000000080816ad8                part_get_info_whole_disk
 .text.blk_get_device_by_str
                0x0000000080816b10       0xb4 disk/built-in.o
                0x0000000080816b10                blk_get_device_by_str
 .text.blk_get_device_part_str
                0x0000000080816bc4      0x248 disk/built-in.o
                0x0000000080816bc4                blk_get_device_part_str
 .text.part_get_info_by_name_type
                0x0000000080816e0c       0x48 disk/built-in.o
                0x0000000080816e0c                part_get_info_by_name_type
 .text.part_get_info_by_name
                0x0000000080816e54        0x8 disk/built-in.o
                0x0000000080816e54                part_get_info_by_name
 .text.part_set_generic_name
                0x0000000080816e5c       0x34 disk/built-in.o
                0x0000000080816e5c                part_set_generic_name
 .text.test_block_type
                0x0000000080816e90       0x4c disk/built-in.o
 .text.print_partition_extended
                0x0000000080816edc      0x1ac disk/built-in.o
 .text.part_print_dos
                0x0000000080817088       0x20 disk/built-in.o
                0x0000000080817088                part_print_dos
 .text.part_test_dos
                0x00000000808170a8       0x58 disk/built-in.o
 .text.part_get_info_extended
                0x0000000080817100      0x1f8 disk/built-in.o
 .text.part_get_info_dos
                0x00000000808172f8       0x16 disk/built-in.o
                0x00000000808172f8                part_get_info_dos
 .text.iso_dread
                0x000000008081730e       0x22 disk/built-in.o
                0x000000008081730e                iso_dread
 .text.part_get_info_iso_verb
                0x0000000080817330      0x25c disk/built-in.o
                0x0000000080817330                part_get_info_iso_verb
 .text.part_test_iso
                0x000000008081758c       0x14 disk/built-in.o
 .text.part_print_iso
                0x00000000808175a0       0x60 disk/built-in.o
 .text.part_get_info_iso
                0x0000000080817600        0x6 disk/built-in.o
 *fill*         0x0000000080817606        0x2 
 .text.print_efiname
                0x0000000080817608       0x38 disk/built-in.o
 .text.part_test_efi
                0x0000000080817640       0x76 disk/built-in.o
 *fill*         0x00000000808176b6        0x2 
 .text.validate_gpt_entries
                0x00000000808176b8       0x80 disk/built-in.o
 .text.validate_gpt_header
                0x0000000080817738      0x1a0 disk/built-in.o
 .text.is_gpt_valid
                0x00000000808178d8      0x210 disk/built-in.o
 .text.is_pte_valid
                0x0000000080817ae8       0x38 disk/built-in.o
 .text.find_valid_gpt